Archive member included to satisfy reference by file (symbol)

d:/atmel/7.0/toolchain/avr8/avr8-gnu-toolchain/bin/../lib/gcc/avr/5.4.0/../../../../avr/lib/avr51\libprintf_flt.a(vfprintf_flt.o)
                              (vfprintf)
d:/atmel/7.0/toolchain/avr8/avr8-gnu-toolchain/bin/../lib/gcc/avr/5.4.0/../../../../avr/lib/avr51\libscanf_flt.a(vfscanf_flt.o)
                              (vfscanf)
D:\micro_cotrollor\project2\project2\libc4m.a(isr.o)
                              (USE_C4MLIB_INTERRUPT)
D:\micro_cotrollor\project2\project2\libc4m.a(device.o)
                              main.o (ASA_DEVICE_set)
D:\micro_cotrollor\project2\project2\libc4m.a(stdio.o)
                              D:\micro_cotrollor\project2\project2\libc4m.a(device.o) (ASA_STDIO_init)
D:\micro_cotrollor\project2\project2\libc4m.a(asabus.o)
                              D:\micro_cotrollor\project2\project2\libc4m.a(device.o) (ASABUS_ID_init)
D:\micro_cotrollor\project2\project2\libc4m.a(hal_spi.o)
                              D:\micro_cotrollor\project2\project2\libc4m.a(device.o) (SPI_MasterInst)
D:\micro_cotrollor\project2\project2\libc4m.a(hal_uart.o)
                              D:\micro_cotrollor\project2\project2\libc4m.a(device.o) (UART0_Inst)
D:\micro_cotrollor\project2\project2\libc4m.a(eeprom.o)
                              D:\micro_cotrollor\project2\project2\libc4m.a(device.o) (EEPROM_get)
D:\micro_cotrollor\project2\project2\libc4m.a(hal_time.o)
                              D:\micro_cotrollor\project2\project2\libc4m.a(hal_spi.o) (HAL_get_expired_time_ms)
d:/atmel/7.0/toolchain/avr8/avr8-gnu-toolchain/bin/../lib/gcc/avr/5.4.0/../../../../avr/lib/avr51\libm.a(floatsisf.o)
                              d:/atmel/7.0/toolchain/avr8/avr8-gnu-toolchain/bin/../lib/gcc/avr/5.4.0/../../../../avr/lib/avr51\libscanf_flt.a(vfscanf_flt.o) (__floatunsisf)
d:/atmel/7.0/toolchain/avr8/avr8-gnu-toolchain/bin/../lib/gcc/avr/5.4.0/../../../../avr/lib/avr51\libm.a(mulsf3.o)
                              d:/atmel/7.0/toolchain/avr8/avr8-gnu-toolchain/bin/../lib/gcc/avr/5.4.0/../../../../avr/lib/avr51\libscanf_flt.a(vfscanf_flt.o) (__mulsf3)
d:/atmel/7.0/toolchain/avr8/avr8-gnu-toolchain/bin/../lib/gcc/avr/5.4.0/../../../../avr/lib/avr51\libm.a(mulsf3x.o)
                              d:/atmel/7.0/toolchain/avr8/avr8-gnu-toolchain/bin/../lib/gcc/avr/5.4.0/../../../../avr/lib/avr51\libm.a(mulsf3.o) (__mulsf3x)
d:/atmel/7.0/toolchain/avr8/avr8-gnu-toolchain/bin/../lib/gcc/avr/5.4.0/../../../../avr/lib/avr51\libm.a(fp_inf.o)
                              d:/atmel/7.0/toolchain/avr8/avr8-gnu-toolchain/bin/../lib/gcc/avr/5.4.0/../../../../avr/lib/avr51\libm.a(mulsf3x.o) (__fp_inf)
d:/atmel/7.0/toolchain/avr8/avr8-gnu-toolchain/bin/../lib/gcc/avr/5.4.0/../../../../avr/lib/avr51\libm.a(fp_nan.o)
                              d:/atmel/7.0/toolchain/avr8/avr8-gnu-toolchain/bin/../lib/gcc/avr/5.4.0/../../../../avr/lib/avr51\libm.a(mulsf3x.o) (__fp_nan)
d:/atmel/7.0/toolchain/avr8/avr8-gnu-toolchain/bin/../lib/gcc/avr/5.4.0/../../../../avr/lib/avr51\libm.a(fp_pscA.o)
                              d:/atmel/7.0/toolchain/avr8/avr8-gnu-toolchain/bin/../lib/gcc/avr/5.4.0/../../../../avr/lib/avr51\libm.a(mulsf3x.o) (__fp_pscA)
d:/atmel/7.0/toolchain/avr8/avr8-gnu-toolchain/bin/../lib/gcc/avr/5.4.0/../../../../avr/lib/avr51\libm.a(fp_pscB.o)
                              d:/atmel/7.0/toolchain/avr8/avr8-gnu-toolchain/bin/../lib/gcc/avr/5.4.0/../../../../avr/lib/avr51\libm.a(mulsf3x.o) (__fp_pscB)
d:/atmel/7.0/toolchain/avr8/avr8-gnu-toolchain/bin/../lib/gcc/avr/5.4.0/../../../../avr/lib/avr51\libm.a(fp_round.o)
                              d:/atmel/7.0/toolchain/avr8/avr8-gnu-toolchain/bin/../lib/gcc/avr/5.4.0/../../../../avr/lib/avr51\libm.a(mulsf3.o) (__fp_round)
d:/atmel/7.0/toolchain/avr8/avr8-gnu-toolchain/bin/../lib/gcc/avr/5.4.0/../../../../avr/lib/avr51\libm.a(fp_split3.o)
                              d:/atmel/7.0/toolchain/avr8/avr8-gnu-toolchain/bin/../lib/gcc/avr/5.4.0/../../../../avr/lib/avr51\libm.a(mulsf3x.o) (__fp_split3)
d:/atmel/7.0/toolchain/avr8/avr8-gnu-toolchain/bin/../lib/gcc/avr/5.4.0/../../../../avr/lib/avr51\libm.a(fp_zero.o)
                              d:/atmel/7.0/toolchain/avr8/avr8-gnu-toolchain/bin/../lib/gcc/avr/5.4.0/../../../../avr/lib/avr51\libm.a(mulsf3x.o) (__fp_szero)
d:/atmel/7.0/toolchain/avr8/avr8-gnu-toolchain/bin/../lib/gcc/avr/5.4.0/avr51\libgcc.a(_divmodhi4.o)
                              main.o (__divmodhi4)
d:/atmel/7.0/toolchain/avr8/avr8-gnu-toolchain/bin/../lib/gcc/avr/5.4.0/avr51\libgcc.a(_udivmodsi4.o)
                              D:\micro_cotrollor\project2\project2\libc4m.a(hal_time.o) (__udivmodsi4)
d:/atmel/7.0/toolchain/avr8/avr8-gnu-toolchain/bin/../lib/gcc/avr/5.4.0/avr51\libgcc.a(_exit.o)
                              D:/atmel/7.0/Packs/atmel/ATmega_DFP/1.2.209/gcc/dev/atmega128/avr51/crtatmega128.o (exit)
d:/atmel/7.0/toolchain/avr8/avr8-gnu-toolchain/bin/../lib/gcc/avr/5.4.0/avr51\libgcc.a(_copy_data.o)
                              main.o (__do_copy_data)
d:/atmel/7.0/toolchain/avr8/avr8-gnu-toolchain/bin/../lib/gcc/avr/5.4.0/avr51\libgcc.a(_clear_bss.o)
                              main.o (__do_clear_bss)
d:/atmel/7.0/toolchain/avr8/avr8-gnu-toolchain/bin/../lib/gcc/avr/5.4.0/avr51\libgcc.a(_udivmodhi4.o)
                              d:/atmel/7.0/toolchain/avr8/avr8-gnu-toolchain/bin/../lib/gcc/avr/5.4.0/avr51\libgcc.a(_divmodhi4.o) (__udivmodhi4)
d:/atmel/7.0/toolchain/avr8/avr8-gnu-toolchain/bin/../lib/gcc/avr/5.4.0/../../../../avr/lib/avr51\libc.a(ftoa_engine.o)
                              d:/atmel/7.0/toolchain/avr8/avr8-gnu-toolchain/bin/../lib/gcc/avr/5.4.0/../../../../avr/lib/avr51\libprintf_flt.a(vfprintf_flt.o) (__ftoa_engine)
d:/atmel/7.0/toolchain/avr8/avr8-gnu-toolchain/bin/../lib/gcc/avr/5.4.0/../../../../avr/lib/avr51\libc.a(isspace.o)
                              d:/atmel/7.0/toolchain/avr8/avr8-gnu-toolchain/bin/../lib/gcc/avr/5.4.0/../../../../avr/lib/avr51\libscanf_flt.a(vfscanf_flt.o) (isspace)
d:/atmel/7.0/toolchain/avr8/avr8-gnu-toolchain/bin/../lib/gcc/avr/5.4.0/../../../../avr/lib/avr51\libc.a(tolower.o)
                              d:/atmel/7.0/toolchain/avr8/avr8-gnu-toolchain/bin/../lib/gcc/avr/5.4.0/../../../../avr/lib/avr51\libscanf_flt.a(vfscanf_flt.o) (tolower)
d:/atmel/7.0/toolchain/avr8/avr8-gnu-toolchain/bin/../lib/gcc/avr/5.4.0/../../../../avr/lib/avr51\libc.a(strchr_P.o)
                              d:/atmel/7.0/toolchain/avr8/avr8-gnu-toolchain/bin/../lib/gcc/avr/5.4.0/../../../../avr/lib/avr51\libscanf_flt.a(vfscanf_flt.o) (strchr_P)
d:/atmel/7.0/toolchain/avr8/avr8-gnu-toolchain/bin/../lib/gcc/avr/5.4.0/../../../../avr/lib/avr51\libc.a(strnlen_P.o)
                              d:/atmel/7.0/toolchain/avr8/avr8-gnu-toolchain/bin/../lib/gcc/avr/5.4.0/../../../../avr/lib/avr51\libprintf_flt.a(vfprintf_flt.o) (strnlen_P)
d:/atmel/7.0/toolchain/avr8/avr8-gnu-toolchain/bin/../lib/gcc/avr/5.4.0/../../../../avr/lib/avr51\libc.a(strnlen.o)
                              d:/atmel/7.0/toolchain/avr8/avr8-gnu-toolchain/bin/../lib/gcc/avr/5.4.0/../../../../avr/lib/avr51\libprintf_flt.a(vfprintf_flt.o) (strnlen)
d:/atmel/7.0/toolchain/avr8/avr8-gnu-toolchain/bin/../lib/gcc/avr/5.4.0/../../../../avr/lib/avr51\libc.a(fgetc.o)
                              d:/atmel/7.0/toolchain/avr8/avr8-gnu-toolchain/bin/../lib/gcc/avr/5.4.0/../../../../avr/lib/avr51\libscanf_flt.a(vfscanf_flt.o) (fgetc)
d:/atmel/7.0/toolchain/avr8/avr8-gnu-toolchain/bin/../lib/gcc/avr/5.4.0/../../../../avr/lib/avr51\libc.a(fputc.o)
                              d:/atmel/7.0/toolchain/avr8/avr8-gnu-toolchain/bin/../lib/gcc/avr/5.4.0/../../../../avr/lib/avr51\libprintf_flt.a(vfprintf_flt.o) (fputc)
d:/atmel/7.0/toolchain/avr8/avr8-gnu-toolchain/bin/../lib/gcc/avr/5.4.0/../../../../avr/lib/avr51\libc.a(iob.o)
                              D:\micro_cotrollor\project2\project2\libc4m.a(stdio.o) (__iob)
d:/atmel/7.0/toolchain/avr8/avr8-gnu-toolchain/bin/../lib/gcc/avr/5.4.0/../../../../avr/lib/avr51\libc.a(printf.o)
                              main.o (printf)
d:/atmel/7.0/toolchain/avr8/avr8-gnu-toolchain/bin/../lib/gcc/avr/5.4.0/../../../../avr/lib/avr51\libc.a(putchar.o)
                              main.o (putchar)
d:/atmel/7.0/toolchain/avr8/avr8-gnu-toolchain/bin/../lib/gcc/avr/5.4.0/../../../../avr/lib/avr51\libc.a(puts.o)
                              main.o (puts)
d:/atmel/7.0/toolchain/avr8/avr8-gnu-toolchain/bin/../lib/gcc/avr/5.4.0/../../../../avr/lib/avr51\libc.a(scanf.o)
                              main.o (scanf)
d:/atmel/7.0/toolchain/avr8/avr8-gnu-toolchain/bin/../lib/gcc/avr/5.4.0/../../../../avr/lib/avr51\libc.a(ungetc.o)
                              d:/atmel/7.0/toolchain/avr8/avr8-gnu-toolchain/bin/../lib/gcc/avr/5.4.0/../../../../avr/lib/avr51\libscanf_flt.a(vfscanf_flt.o) (ungetc)
d:/atmel/7.0/toolchain/avr8/avr8-gnu-toolchain/bin/../lib/gcc/avr/5.4.0/../../../../avr/lib/avr51\libc.a(ultoa_invert.o)
                              d:/atmel/7.0/toolchain/avr8/avr8-gnu-toolchain/bin/../lib/gcc/avr/5.4.0/../../../../avr/lib/avr51\libprintf_flt.a(vfprintf_flt.o) (__ultoa_invert)
d:/atmel/7.0/toolchain/avr8/avr8-gnu-toolchain/bin/../lib/gcc/avr/5.4.0/../../../../avr/lib/avr51\libc.a(cty_isfalse.o)
                              d:/atmel/7.0/toolchain/avr8/avr8-gnu-toolchain/bin/../lib/gcc/avr/5.4.0/../../../../avr/lib/avr51\libc.a(isspace.o) (__ctype_isfalse)
D:/atmel/7.0/Packs/atmel/ATmega_DFP/1.2.209/gcc/dev/atmega128/avr51\libatmega128.a(eerd_block.o)
                              D:\micro_cotrollor\project2\project2\libc4m.a(eeprom.o) (eeprom_read_block)
D:/atmel/7.0/Packs/atmel/ATmega_DFP/1.2.209/gcc/dev/atmega128/avr51\libatmega128.a(eewr_block.o)
                              D:\micro_cotrollor\project2\project2\libc4m.a(eeprom.o) (eeprom_write_block)
D:/atmel/7.0/Packs/atmel/ATmega_DFP/1.2.209/gcc/dev/atmega128/avr51\libatmega128.a(eewr_byte.o)
                              D:/atmel/7.0/Packs/atmel/ATmega_DFP/1.2.209/gcc/dev/atmega128/avr51\libatmega128.a(eewr_block.o) (eeprom_write_r18)

Allocating common symbols
Common symbol       size              file

ASAConfigStr_inst   0x1               D:\micro_cotrollor\project2\project2\libc4m.a(device.o)
TimerCntStr_inst    0xb5              main.o
HAL_time_global     0x4               D:\micro_cotrollor\project2\project2\libc4m.a(hal_time.o)
__iob               0x6               d:/atmel/7.0/toolchain/avr8/avr8-gnu-toolchain/bin/../lib/gcc/avr/5.4.0/../../../../avr/lib/avr51\libc.a(iob.o)

Discarded input sections

 .text          0x00000000        0x4 D:/atmel/7.0/Packs/atmel/ATmega_DFP/1.2.209/gcc/dev/atmega128/avr51/crtatmega128.o
 .data          0x00000000        0x0 D:/atmel/7.0/Packs/atmel/ATmega_DFP/1.2.209/gcc/dev/atmega128/avr51/crtatmega128.o
 .bss           0x00000000        0x0 D:/atmel/7.0/Packs/atmel/ATmega_DFP/1.2.209/gcc/dev/atmega128/avr51/crtatmega128.o
 .text          0x00000000        0x0 main.o
 .data          0x00000000        0x0 main.o
 .bss           0x00000000        0x0 main.o
 COMMON         0x00000000       0xb5 main.o
 .text          0x00000000        0x0 d:/atmel/7.0/toolchain/avr8/avr8-gnu-toolchain/bin/../lib/gcc/avr/5.4.0/../../../../avr/lib/avr51\libprintf_flt.a(vfprintf_flt.o)
 .data          0x00000000        0x0 d:/atmel/7.0/toolchain/avr8/avr8-gnu-toolchain/bin/../lib/gcc/avr/5.4.0/../../../../avr/lib/avr51\libprintf_flt.a(vfprintf_flt.o)
 .bss           0x00000000        0x0 d:/atmel/7.0/toolchain/avr8/avr8-gnu-toolchain/bin/../lib/gcc/avr/5.4.0/../../../../avr/lib/avr51\libprintf_flt.a(vfprintf_flt.o)
 .text          0x00000000        0x0 d:/atmel/7.0/toolchain/avr8/avr8-gnu-toolchain/bin/../lib/gcc/avr/5.4.0/../../../../avr/lib/avr51\libscanf_flt.a(vfscanf_flt.o)
 .data          0x00000000        0x0 d:/atmel/7.0/toolchain/avr8/avr8-gnu-toolchain/bin/../lib/gcc/avr/5.4.0/../../../../avr/lib/avr51\libscanf_flt.a(vfscanf_flt.o)
 .bss           0x00000000        0x0 d:/atmel/7.0/toolchain/avr8/avr8-gnu-toolchain/bin/../lib/gcc/avr/5.4.0/../../../../avr/lib/avr51\libscanf_flt.a(vfscanf_flt.o)
 .data          0x00000000        0x0 D:\micro_cotrollor\project2\project2\libc4m.a(isr.o)
 .bss           0x00000000        0x0 D:\micro_cotrollor\project2\project2\libc4m.a(isr.o)
 .data          0x00000000        0x0 D:\micro_cotrollor\project2\project2\libc4m.a(device.o)
 .bss           0x00000000        0x0 D:\micro_cotrollor\project2\project2\libc4m.a(device.o)
 .bss           0x00000000        0x0 D:\micro_cotrollor\project2\project2\libc4m.a(stdio.o)
 .data          0x00000000        0x0 D:\micro_cotrollor\project2\project2\libc4m.a(asabus.o)
 .bss           0x00000000        0x0 D:\micro_cotrollor\project2\project2\libc4m.a(asabus.o)
 .bss           0x00000000        0x0 D:\micro_cotrollor\project2\project2\libc4m.a(hal_spi.o)
 .data          0x00000000        0x0 D:\micro_cotrollor\project2\project2\libc4m.a(eeprom.o)
 .bss           0x00000000        0x0 D:\micro_cotrollor\project2\project2\libc4m.a(eeprom.o)
 .data          0x00000000        0x0 D:\micro_cotrollor\project2\project2\libc4m.a(hal_time.o)
 .bss           0x00000000        0x0 D:\micro_cotrollor\project2\project2\libc4m.a(hal_time.o)
 .text          0x00000000        0x0 d:/atmel/7.0/toolchain/avr8/avr8-gnu-toolchain/bin/../lib/gcc/avr/5.4.0/../../../../avr/lib/avr51\libm.a(floatsisf.o)
 .data          0x00000000        0x0 d:/atmel/7.0/toolchain/avr8/avr8-gnu-toolchain/bin/../lib/gcc/avr/5.4.0/../../../../avr/lib/avr51\libm.a(floatsisf.o)
 .bss           0x00000000        0x0 d:/atmel/7.0/toolchain/avr8/avr8-gnu-toolchain/bin/../lib/gcc/avr/5.4.0/../../../../avr/lib/avr51\libm.a(floatsisf.o)
 .text          0x00000000        0x0 d:/atmel/7.0/toolchain/avr8/avr8-gnu-toolchain/bin/../lib/gcc/avr/5.4.0/../../../../avr/lib/avr51\libm.a(mulsf3.o)
 .data          0x00000000        0x0 d:/atmel/7.0/toolchain/avr8/avr8-gnu-toolchain/bin/../lib/gcc/avr/5.4.0/../../../../avr/lib/avr51\libm.a(mulsf3.o)
 .bss           0x00000000        0x0 d:/atmel/7.0/toolchain/avr8/avr8-gnu-toolchain/bin/../lib/gcc/avr/5.4.0/../../../../avr/lib/avr51\libm.a(mulsf3.o)
 .text          0x00000000        0x0 d:/atmel/7.0/toolchain/avr8/avr8-gnu-toolchain/bin/../lib/gcc/avr/5.4.0/../../../../avr/lib/avr51\libm.a(mulsf3x.o)
 .data          0x00000000        0x0 d:/atmel/7.0/toolchain/avr8/avr8-gnu-toolchain/bin/../lib/gcc/avr/5.4.0/../../../../avr/lib/avr51\libm.a(mulsf3x.o)
 .bss           0x00000000        0x0 d:/atmel/7.0/toolchain/avr8/avr8-gnu-toolchain/bin/../lib/gcc/avr/5.4.0/../../../../avr/lib/avr51\libm.a(mulsf3x.o)
 .text          0x00000000        0x0 d:/atmel/7.0/toolchain/avr8/avr8-gnu-toolchain/bin/../lib/gcc/avr/5.4.0/../../../../avr/lib/avr51\libm.a(fp_inf.o)
 .data          0x00000000        0x0 d:/atmel/7.0/toolchain/avr8/avr8-gnu-toolchain/bin/../lib/gcc/avr/5.4.0/../../../../avr/lib/avr51\libm.a(fp_inf.o)
 .bss           0x00000000        0x0 d:/atmel/7.0/toolchain/avr8/avr8-gnu-toolchain/bin/../lib/gcc/avr/5.4.0/../../../../avr/lib/avr51\libm.a(fp_inf.o)
 .text          0x00000000        0x0 d:/atmel/7.0/toolchain/avr8/avr8-gnu-toolchain/bin/../lib/gcc/avr/5.4.0/../../../../avr/lib/avr51\libm.a(fp_nan.o)
 .data          0x00000000        0x0 d:/atmel/7.0/toolchain/avr8/avr8-gnu-toolchain/bin/../lib/gcc/avr/5.4.0/../../../../avr/lib/avr51\libm.a(fp_nan.o)
 .bss           0x00000000        0x0 d:/atmel/7.0/toolchain/avr8/avr8-gnu-toolchain/bin/../lib/gcc/avr/5.4.0/../../../../avr/lib/avr51\libm.a(fp_nan.o)
 .text          0x00000000        0x0 d:/atmel/7.0/toolchain/avr8/avr8-gnu-toolchain/bin/../lib/gcc/avr/5.4.0/../../../../avr/lib/avr51\libm.a(fp_pscA.o)
 .data          0x00000000        0x0 d:/atmel/7.0/toolchain/avr8/avr8-gnu-toolchain/bin/../lib/gcc/avr/5.4.0/../../../../avr/lib/avr51\libm.a(fp_pscA.o)
 .bss           0x00000000        0x0 d:/atmel/7.0/toolchain/avr8/avr8-gnu-toolchain/bin/../lib/gcc/avr/5.4.0/../../../../avr/lib/avr51\libm.a(fp_pscA.o)
 .text          0x00000000        0x0 d:/atmel/7.0/toolchain/avr8/avr8-gnu-toolchain/bin/../lib/gcc/avr/5.4.0/../../../../avr/lib/avr51\libm.a(fp_pscB.o)
 .data          0x00000000        0x0 d:/atmel/7.0/toolchain/avr8/avr8-gnu-toolchain/bin/../lib/gcc/avr/5.4.0/../../../../avr/lib/avr51\libm.a(fp_pscB.o)
 .bss           0x00000000        0x0 d:/atmel/7.0/toolchain/avr8/avr8-gnu-toolchain/bin/../lib/gcc/avr/5.4.0/../../../../avr/lib/avr51\libm.a(fp_pscB.o)
 .text          0x00000000        0x0 d:/atmel/7.0/toolchain/avr8/avr8-gnu-toolchain/bin/../lib/gcc/avr/5.4.0/../../../../avr/lib/avr51\libm.a(fp_round.o)
 .data          0x00000000        0x0 d:/atmel/7.0/toolchain/avr8/avr8-gnu-toolchain/bin/../lib/gcc/avr/5.4.0/../../../../avr/lib/avr51\libm.a(fp_round.o)
 .bss           0x00000000        0x0 d:/atmel/7.0/toolchain/avr8/avr8-gnu-toolchain/bin/../lib/gcc/avr/5.4.0/../../../../avr/lib/avr51\libm.a(fp_round.o)
 .text          0x00000000        0x0 d:/atmel/7.0/toolchain/avr8/avr8-gnu-toolchain/bin/../lib/gcc/avr/5.4.0/../../../../avr/lib/avr51\libm.a(fp_split3.o)
 .data          0x00000000        0x0 d:/atmel/7.0/toolchain/avr8/avr8-gnu-toolchain/bin/../lib/gcc/avr/5.4.0/../../../../avr/lib/avr51\libm.a(fp_split3.o)
 .bss           0x00000000        0x0 d:/atmel/7.0/toolchain/avr8/avr8-gnu-toolchain/bin/../lib/gcc/avr/5.4.0/../../../../avr/lib/avr51\libm.a(fp_split3.o)
 .text          0x00000000        0x0 d:/atmel/7.0/toolchain/avr8/avr8-gnu-toolchain/bin/../lib/gcc/avr/5.4.0/../../../../avr/lib/avr51\libm.a(fp_zero.o)
 .data          0x00000000        0x0 d:/atmel/7.0/toolchain/avr8/avr8-gnu-toolchain/bin/../lib/gcc/avr/5.4.0/../../../../avr/lib/avr51\libm.a(fp_zero.o)
 .bss           0x00000000        0x0 d:/atmel/7.0/toolchain/avr8/avr8-gnu-toolchain/bin/../lib/gcc/avr/5.4.0/../../../../avr/lib/avr51\libm.a(fp_zero.o)
 .text          0x00000000        0x0 d:/atmel/7.0/toolchain/avr8/avr8-gnu-toolchain/bin/../lib/gcc/avr/5.4.0/avr51\libgcc.a(_divmodhi4.o)
 .data          0x00000000        0x0 d:/atmel/7.0/toolchain/avr8/avr8-gnu-toolchain/bin/../lib/gcc/avr/5.4.0/avr51\libgcc.a(_divmodhi4.o)
 .bss           0x00000000        0x0 d:/atmel/7.0/toolchain/avr8/avr8-gnu-toolchain/bin/../lib/gcc/avr/5.4.0/avr51\libgcc.a(_divmodhi4.o)
 .text.libgcc.mul
                0x00000000        0x0 d:/atmel/7.0/toolchain/avr8/avr8-gnu-toolchain/bin/../lib/gcc/avr/5.4.0/avr51\libgcc.a(_divmodhi4.o)
 .text.libgcc   0x00000000        0x0 d:/atmel/7.0/toolchain/avr8/avr8-gnu-toolchain/bin/../lib/gcc/avr/5.4.0/avr51\libgcc.a(_divmodhi4.o)
 .text.libgcc.prologue
                0x00000000        0x0 d:/atmel/7.0/toolchain/avr8/avr8-gnu-toolchain/bin/../lib/gcc/avr/5.4.0/avr51\libgcc.a(_divmodhi4.o)
 .text.libgcc.builtins
                0x00000000        0x0 d:/atmel/7.0/toolchain/avr8/avr8-gnu-toolchain/bin/../lib/gcc/avr/5.4.0/avr51\libgcc.a(_divmodhi4.o)
 .text.libgcc.fmul
                0x00000000        0x0 d:/atmel/7.0/toolchain/avr8/avr8-gnu-toolchain/bin/../lib/gcc/avr/5.4.0/avr51\libgcc.a(_divmodhi4.o)
 .text.libgcc.fixed
                0x00000000        0x0 d:/atmel/7.0/toolchain/avr8/avr8-gnu-toolchain/bin/../lib/gcc/avr/5.4.0/avr51\libgcc.a(_divmodhi4.o)
 .text          0x00000000        0x0 d:/atmel/7.0/toolchain/avr8/avr8-gnu-toolchain/bin/../lib/gcc/avr/5.4.0/avr51\libgcc.a(_udivmodsi4.o)
 .data          0x00000000        0x0 d:/atmel/7.0/toolchain/avr8/avr8-gnu-toolchain/bin/../lib/gcc/avr/5.4.0/avr51\libgcc.a(_udivmodsi4.o)
 .bss           0x00000000        0x0 d:/atmel/7.0/toolchain/avr8/avr8-gnu-toolchain/bin/../lib/gcc/avr/5.4.0/avr51\libgcc.a(_udivmodsi4.o)
 .text.libgcc.mul
                0x00000000        0x0 d:/atmel/7.0/toolchain/avr8/avr8-gnu-toolchain/bin/../lib/gcc/avr/5.4.0/avr51\libgcc.a(_udivmodsi4.o)
 .text.libgcc   0x00000000        0x0 d:/atmel/7.0/toolchain/avr8/avr8-gnu-toolchain/bin/../lib/gcc/avr/5.4.0/avr51\libgcc.a(_udivmodsi4.o)
 .text.libgcc.prologue
                0x00000000        0x0 d:/atmel/7.0/toolchain/avr8/avr8-gnu-toolchain/bin/../lib/gcc/avr/5.4.0/avr51\libgcc.a(_udivmodsi4.o)
 .text.libgcc.builtins
                0x00000000        0x0 d:/atmel/7.0/toolchain/avr8/avr8-gnu-toolchain/bin/../lib/gcc/avr/5.4.0/avr51\libgcc.a(_udivmodsi4.o)
 .text.libgcc.fmul
                0x00000000        0x0 d:/atmel/7.0/toolchain/avr8/avr8-gnu-toolchain/bin/../lib/gcc/avr/5.4.0/avr51\libgcc.a(_udivmodsi4.o)
 .text.libgcc.fixed
                0x00000000        0x0 d:/atmel/7.0/toolchain/avr8/avr8-gnu-toolchain/bin/../lib/gcc/avr/5.4.0/avr51\libgcc.a(_udivmodsi4.o)
 .text          0x00000000        0x0 d:/atmel/7.0/toolchain/avr8/avr8-gnu-toolchain/bin/../lib/gcc/avr/5.4.0/avr51\libgcc.a(_exit.o)
 .data          0x00000000        0x0 d:/atmel/7.0/toolchain/avr8/avr8-gnu-toolchain/bin/../lib/gcc/avr/5.4.0/avr51\libgcc.a(_exit.o)
 .bss           0x00000000        0x0 d:/atmel/7.0/toolchain/avr8/avr8-gnu-toolchain/bin/../lib/gcc/avr/5.4.0/avr51\libgcc.a(_exit.o)
 .text.libgcc.mul
                0x00000000        0x0 d:/atmel/7.0/toolchain/avr8/avr8-gnu-toolchain/bin/../lib/gcc/avr/5.4.0/avr51\libgcc.a(_exit.o)
 .text.libgcc.div
                0x00000000        0x0 d:/atmel/7.0/toolchain/avr8/avr8-gnu-toolchain/bin/../lib/gcc/avr/5.4.0/avr51\libgcc.a(_exit.o)
 .text.libgcc   0x00000000        0x0 d:/atmel/7.0/toolchain/avr8/avr8-gnu-toolchain/bin/../lib/gcc/avr/5.4.0/avr51\libgcc.a(_exit.o)
 .text.libgcc.prologue
                0x00000000        0x0 d:/atmel/7.0/toolchain/avr8/avr8-gnu-toolchain/bin/../lib/gcc/avr/5.4.0/avr51\libgcc.a(_exit.o)
 .text.libgcc.builtins
                0x00000000        0x0 d:/atmel/7.0/toolchain/avr8/avr8-gnu-toolchain/bin/../lib/gcc/avr/5.4.0/avr51\libgcc.a(_exit.o)
 .text.libgcc.fmul
                0x00000000        0x0 d:/atmel/7.0/toolchain/avr8/avr8-gnu-toolchain/bin/../lib/gcc/avr/5.4.0/avr51\libgcc.a(_exit.o)
 .text.libgcc.fixed
                0x00000000        0x0 d:/atmel/7.0/toolchain/avr8/avr8-gnu-toolchain/bin/../lib/gcc/avr/5.4.0/avr51\libgcc.a(_exit.o)
 .text          0x00000000        0x0 d:/atmel/7.0/toolchain/avr8/avr8-gnu-toolchain/bin/../lib/gcc/avr/5.4.0/avr51\libgcc.a(_copy_data.o)
 .data          0x00000000        0x0 d:/atmel/7.0/toolchain/avr8/avr8-gnu-toolchain/bin/../lib/gcc/avr/5.4.0/avr51\libgcc.a(_copy_data.o)
 .bss           0x00000000        0x0 d:/atmel/7.0/toolchain/avr8/avr8-gnu-toolchain/bin/../lib/gcc/avr/5.4.0/avr51\libgcc.a(_copy_data.o)
 .text.libgcc.mul
                0x00000000        0x0 d:/atmel/7.0/toolchain/avr8/avr8-gnu-toolchain/bin/../lib/gcc/avr/5.4.0/avr51\libgcc.a(_copy_data.o)
 .text.libgcc.div
                0x00000000        0x0 d:/atmel/7.0/toolchain/avr8/avr8-gnu-toolchain/bin/../lib/gcc/avr/5.4.0/avr51\libgcc.a(_copy_data.o)
 .text.libgcc   0x00000000        0x0 d:/atmel/7.0/toolchain/avr8/avr8-gnu-toolchain/bin/../lib/gcc/avr/5.4.0/avr51\libgcc.a(_copy_data.o)
 .text.libgcc.prologue
                0x00000000        0x0 d:/atmel/7.0/toolchain/avr8/avr8-gnu-toolchain/bin/../lib/gcc/avr/5.4.0/avr51\libgcc.a(_copy_data.o)
 .text.libgcc.builtins
                0x00000000        0x0 d:/atmel/7.0/toolchain/avr8/avr8-gnu-toolchain/bin/../lib/gcc/avr/5.4.0/avr51\libgcc.a(_copy_data.o)
 .text.libgcc.fmul
                0x00000000        0x0 d:/atmel/7.0/toolchain/avr8/avr8-gnu-toolchain/bin/../lib/gcc/avr/5.4.0/avr51\libgcc.a(_copy_data.o)
 .text.libgcc.fixed
                0x00000000        0x0 d:/atmel/7.0/toolchain/avr8/avr8-gnu-toolchain/bin/../lib/gcc/avr/5.4.0/avr51\libgcc.a(_copy_data.o)
 .text          0x00000000        0x0 d:/atmel/7.0/toolchain/avr8/avr8-gnu-toolchain/bin/../lib/gcc/avr/5.4.0/avr51\libgcc.a(_clear_bss.o)
 .data          0x00000000        0x0 d:/atmel/7.0/toolchain/avr8/avr8-gnu-toolchain/bin/../lib/gcc/avr/5.4.0/avr51\libgcc.a(_clear_bss.o)
 .bss           0x00000000        0x0 d:/atmel/7.0/toolchain/avr8/avr8-gnu-toolchain/bin/../lib/gcc/avr/5.4.0/avr51\libgcc.a(_clear_bss.o)
 .text.libgcc.mul
                0x00000000        0x0 d:/atmel/7.0/toolchain/avr8/avr8-gnu-toolchain/bin/../lib/gcc/avr/5.4.0/avr51\libgcc.a(_clear_bss.o)
 .text.libgcc.div
                0x00000000        0x0 d:/atmel/7.0/toolchain/avr8/avr8-gnu-toolchain/bin/../lib/gcc/avr/5.4.0/avr51\libgcc.a(_clear_bss.o)
 .text.libgcc   0x00000000        0x0 d:/atmel/7.0/toolchain/avr8/avr8-gnu-toolchain/bin/../lib/gcc/avr/5.4.0/avr51\libgcc.a(_clear_bss.o)
 .text.libgcc.prologue
                0x00000000        0x0 d:/atmel/7.0/toolchain/avr8/avr8-gnu-toolchain/bin/../lib/gcc/avr/5.4.0/avr51\libgcc.a(_clear_bss.o)
 .text.libgcc.builtins
                0x00000000        0x0 d:/atmel/7.0/toolchain/avr8/avr8-gnu-toolchain/bin/../lib/gcc/avr/5.4.0/avr51\libgcc.a(_clear_bss.o)
 .text.libgcc.fmul
                0x00000000        0x0 d:/atmel/7.0/toolchain/avr8/avr8-gnu-toolchain/bin/../lib/gcc/avr/5.4.0/avr51\libgcc.a(_clear_bss.o)
 .text.libgcc.fixed
                0x00000000        0x0 d:/atmel/7.0/toolchain/avr8/avr8-gnu-toolchain/bin/../lib/gcc/avr/5.4.0/avr51\libgcc.a(_clear_bss.o)
 .text          0x00000000        0x0 d:/atmel/7.0/toolchain/avr8/avr8-gnu-toolchain/bin/../lib/gcc/avr/5.4.0/avr51\libgcc.a(_udivmodhi4.o)
 .data          0x00000000        0x0 d:/atmel/7.0/toolchain/avr8/avr8-gnu-toolchain/bin/../lib/gcc/avr/5.4.0/avr51\libgcc.a(_udivmodhi4.o)
 .bss           0x00000000        0x0 d:/atmel/7.0/toolchain/avr8/avr8-gnu-toolchain/bin/../lib/gcc/avr/5.4.0/avr51\libgcc.a(_udivmodhi4.o)
 .text.libgcc.mul
                0x00000000        0x0 d:/atmel/7.0/toolchain/avr8/avr8-gnu-toolchain/bin/../lib/gcc/avr/5.4.0/avr51\libgcc.a(_udivmodhi4.o)
 .text.libgcc   0x00000000        0x0 d:/atmel/7.0/toolchain/avr8/avr8-gnu-toolchain/bin/../lib/gcc/avr/5.4.0/avr51\libgcc.a(_udivmodhi4.o)
 .text.libgcc.prologue
                0x00000000        0x0 d:/atmel/7.0/toolchain/avr8/avr8-gnu-toolchain/bin/../lib/gcc/avr/5.4.0/avr51\libgcc.a(_udivmodhi4.o)
 .text.libgcc.builtins
                0x00000000        0x0 d:/atmel/7.0/toolchain/avr8/avr8-gnu-toolchain/bin/../lib/gcc/avr/5.4.0/avr51\libgcc.a(_udivmodhi4.o)
 .text.libgcc.fmul
                0x00000000        0x0 d:/atmel/7.0/toolchain/avr8/avr8-gnu-toolchain/bin/../lib/gcc/avr/5.4.0/avr51\libgcc.a(_udivmodhi4.o)
 .text.libgcc.fixed
                0x00000000        0x0 d:/atmel/7.0/toolchain/avr8/avr8-gnu-toolchain/bin/../lib/gcc/avr/5.4.0/avr51\libgcc.a(_udivmodhi4.o)
 .text          0x00000000        0x0 d:/atmel/7.0/toolchain/avr8/avr8-gnu-toolchain/bin/../lib/gcc/avr/5.4.0/../../../../avr/lib/avr51\libc.a(ftoa_engine.o)
 .data          0x00000000        0x0 d:/atmel/7.0/toolchain/avr8/avr8-gnu-toolchain/bin/../lib/gcc/avr/5.4.0/../../../../avr/lib/avr51\libc.a(ftoa_engine.o)
 .bss           0x00000000        0x0 d:/atmel/7.0/toolchain/avr8/avr8-gnu-toolchain/bin/../lib/gcc/avr/5.4.0/../../../../avr/lib/avr51\libc.a(ftoa_engine.o)
 .text          0x00000000        0x0 d:/atmel/7.0/toolchain/avr8/avr8-gnu-toolchain/bin/../lib/gcc/avr/5.4.0/../../../../avr/lib/avr51\libc.a(isspace.o)
 .data          0x00000000        0x0 d:/atmel/7.0/toolchain/avr8/avr8-gnu-toolchain/bin/../lib/gcc/avr/5.4.0/../../../../avr/lib/avr51\libc.a(isspace.o)
 .bss           0x00000000        0x0 d:/atmel/7.0/toolchain/avr8/avr8-gnu-toolchain/bin/../lib/gcc/avr/5.4.0/../../../../avr/lib/avr51\libc.a(isspace.o)
 .text          0x00000000        0x0 d:/atmel/7.0/toolchain/avr8/avr8-gnu-toolchain/bin/../lib/gcc/avr/5.4.0/../../../../avr/lib/avr51\libc.a(tolower.o)
 .data          0x00000000        0x0 d:/atmel/7.0/toolchain/avr8/avr8-gnu-toolchain/bin/../lib/gcc/avr/5.4.0/../../../../avr/lib/avr51\libc.a(tolower.o)
 .bss           0x00000000        0x0 d:/atmel/7.0/toolchain/avr8/avr8-gnu-toolchain/bin/../lib/gcc/avr/5.4.0/../../../../avr/lib/avr51\libc.a(tolower.o)
 .text          0x00000000        0x0 d:/atmel/7.0/toolchain/avr8/avr8-gnu-toolchain/bin/../lib/gcc/avr/5.4.0/../../../../avr/lib/avr51\libc.a(strchr_P.o)
 .data          0x00000000        0x0 d:/atmel/7.0/toolchain/avr8/avr8-gnu-toolchain/bin/../lib/gcc/avr/5.4.0/../../../../avr/lib/avr51\libc.a(strchr_P.o)
 .bss           0x00000000        0x0 d:/atmel/7.0/toolchain/avr8/avr8-gnu-toolchain/bin/../lib/gcc/avr/5.4.0/../../../../avr/lib/avr51\libc.a(strchr_P.o)
 .text          0x00000000        0x0 d:/atmel/7.0/toolchain/avr8/avr8-gnu-toolchain/bin/../lib/gcc/avr/5.4.0/../../../../avr/lib/avr51\libc.a(strnlen_P.o)
 .data          0x00000000        0x0 d:/atmel/7.0/toolchain/avr8/avr8-gnu-toolchain/bin/../lib/gcc/avr/5.4.0/../../../../avr/lib/avr51\libc.a(strnlen_P.o)
 .bss           0x00000000        0x0 d:/atmel/7.0/toolchain/avr8/avr8-gnu-toolchain/bin/../lib/gcc/avr/5.4.0/../../../../avr/lib/avr51\libc.a(strnlen_P.o)
 .text          0x00000000        0x0 d:/atmel/7.0/toolchain/avr8/avr8-gnu-toolchain/bin/../lib/gcc/avr/5.4.0/../../../../avr/lib/avr51\libc.a(strnlen.o)
 .data          0x00000000        0x0 d:/atmel/7.0/toolchain/avr8/avr8-gnu-toolchain/bin/../lib/gcc/avr/5.4.0/../../../../avr/lib/avr51\libc.a(strnlen.o)
 .bss           0x00000000        0x0 d:/atmel/7.0/toolchain/avr8/avr8-gnu-toolchain/bin/../lib/gcc/avr/5.4.0/../../../../avr/lib/avr51\libc.a(strnlen.o)
 .text          0x00000000        0x0 d:/atmel/7.0/toolchain/avr8/avr8-gnu-toolchain/bin/../lib/gcc/avr/5.4.0/../../../../avr/lib/avr51\libc.a(fgetc.o)
 .data          0x00000000        0x0 d:/atmel/7.0/toolchain/avr8/avr8-gnu-toolchain/bin/../lib/gcc/avr/5.4.0/../../../../avr/lib/avr51\libc.a(fgetc.o)
 .bss           0x00000000        0x0 d:/atmel/7.0/toolchain/avr8/avr8-gnu-toolchain/bin/../lib/gcc/avr/5.4.0/../../../../avr/lib/avr51\libc.a(fgetc.o)
 .text          0x00000000        0x0 d:/atmel/7.0/toolchain/avr8/avr8-gnu-toolchain/bin/../lib/gcc/avr/5.4.0/../../../../avr/lib/avr51\libc.a(fputc.o)
 .data          0x00000000        0x0 d:/atmel/7.0/toolchain/avr8/avr8-gnu-toolchain/bin/../lib/gcc/avr/5.4.0/../../../../avr/lib/avr51\libc.a(fputc.o)
 .bss           0x00000000        0x0 d:/atmel/7.0/toolchain/avr8/avr8-gnu-toolchain/bin/../lib/gcc/avr/5.4.0/../../../../avr/lib/avr51\libc.a(fputc.o)
 .text          0x00000000        0x0 d:/atmel/7.0/toolchain/avr8/avr8-gnu-toolchain/bin/../lib/gcc/avr/5.4.0/../../../../avr/lib/avr51\libc.a(iob.o)
 .data          0x00000000        0x0 d:/atmel/7.0/toolchain/avr8/avr8-gnu-toolchain/bin/../lib/gcc/avr/5.4.0/../../../../avr/lib/avr51\libc.a(iob.o)
 .bss           0x00000000        0x0 d:/atmel/7.0/toolchain/avr8/avr8-gnu-toolchain/bin/../lib/gcc/avr/5.4.0/../../../../avr/lib/avr51\libc.a(iob.o)
 .text          0x00000000        0x0 d:/atmel/7.0/toolchain/avr8/avr8-gnu-toolchain/bin/../lib/gcc/avr/5.4.0/../../../../avr/lib/avr51\libc.a(printf.o)
 .data          0x00000000        0x0 d:/atmel/7.0/toolchain/avr8/avr8-gnu-toolchain/bin/../lib/gcc/avr/5.4.0/../../../../avr/lib/avr51\libc.a(printf.o)
 .bss           0x00000000        0x0 d:/atmel/7.0/toolchain/avr8/avr8-gnu-toolchain/bin/../lib/gcc/avr/5.4.0/../../../../avr/lib/avr51\libc.a(printf.o)
 .text          0x00000000        0x0 d:/atmel/7.0/toolchain/avr8/avr8-gnu-toolchain/bin/../lib/gcc/avr/5.4.0/../../../../avr/lib/avr51\libc.a(putchar.o)
 .data          0x00000000        0x0 d:/atmel/7.0/toolchain/avr8/avr8-gnu-toolchain/bin/../lib/gcc/avr/5.4.0/../../../../avr/lib/avr51\libc.a(putchar.o)
 .bss           0x00000000        0x0 d:/atmel/7.0/toolchain/avr8/avr8-gnu-toolchain/bin/../lib/gcc/avr/5.4.0/../../../../avr/lib/avr51\libc.a(putchar.o)
 .text          0x00000000        0x0 d:/atmel/7.0/toolchain/avr8/avr8-gnu-toolchain/bin/../lib/gcc/avr/5.4.0/../../../../avr/lib/avr51\libc.a(puts.o)
 .data          0x00000000        0x0 d:/atmel/7.0/toolchain/avr8/avr8-gnu-toolchain/bin/../lib/gcc/avr/5.4.0/../../../../avr/lib/avr51\libc.a(puts.o)
 .bss           0x00000000        0x0 d:/atmel/7.0/toolchain/avr8/avr8-gnu-toolchain/bin/../lib/gcc/avr/5.4.0/../../../../avr/lib/avr51\libc.a(puts.o)
 .text          0x00000000        0x0 d:/atmel/7.0/toolchain/avr8/avr8-gnu-toolchain/bin/../lib/gcc/avr/5.4.0/../../../../avr/lib/avr51\libc.a(scanf.o)
 .data          0x00000000        0x0 d:/atmel/7.0/toolchain/avr8/avr8-gnu-toolchain/bin/../lib/gcc/avr/5.4.0/../../../../avr/lib/avr51\libc.a(scanf.o)
 .bss           0x00000000        0x0 d:/atmel/7.0/toolchain/avr8/avr8-gnu-toolchain/bin/../lib/gcc/avr/5.4.0/../../../../avr/lib/avr51\libc.a(scanf.o)
 .text          0x00000000        0x0 d:/atmel/7.0/toolchain/avr8/avr8-gnu-toolchain/bin/../lib/gcc/avr/5.4.0/../../../../avr/lib/avr51\libc.a(ungetc.o)
 .data          0x00000000        0x0 d:/atmel/7.0/toolchain/avr8/avr8-gnu-toolchain/bin/../lib/gcc/avr/5.4.0/../../../../avr/lib/avr51\libc.a(ungetc.o)
 .bss           0x00000000        0x0 d:/atmel/7.0/toolchain/avr8/avr8-gnu-toolchain/bin/../lib/gcc/avr/5.4.0/../../../../avr/lib/avr51\libc.a(ungetc.o)
 .text          0x00000000        0x0 d:/atmel/7.0/toolchain/avr8/avr8-gnu-toolchain/bin/../lib/gcc/avr/5.4.0/../../../../avr/lib/avr51\libc.a(ultoa_invert.o)
 .data          0x00000000        0x0 d:/atmel/7.0/toolchain/avr8/avr8-gnu-toolchain/bin/../lib/gcc/avr/5.4.0/../../../../avr/lib/avr51\libc.a(ultoa_invert.o)
 .bss           0x00000000        0x0 d:/atmel/7.0/toolchain/avr8/avr8-gnu-toolchain/bin/../lib/gcc/avr/5.4.0/../../../../avr/lib/avr51\libc.a(ultoa_invert.o)
 .text          0x00000000        0x0 d:/atmel/7.0/toolchain/avr8/avr8-gnu-toolchain/bin/../lib/gcc/avr/5.4.0/../../../../avr/lib/avr51\libc.a(cty_isfalse.o)
 .data          0x00000000        0x0 d:/atmel/7.0/toolchain/avr8/avr8-gnu-toolchain/bin/../lib/gcc/avr/5.4.0/../../../../avr/lib/avr51\libc.a(cty_isfalse.o)
 .bss           0x00000000        0x0 d:/atmel/7.0/toolchain/avr8/avr8-gnu-toolchain/bin/../lib/gcc/avr/5.4.0/../../../../avr/lib/avr51\libc.a(cty_isfalse.o)
 .text          0x00000000        0x0 D:/atmel/7.0/Packs/atmel/ATmega_DFP/1.2.209/gcc/dev/atmega128/avr51\libatmega128.a(eerd_block.o)
 .data          0x00000000        0x0 D:/atmel/7.0/Packs/atmel/ATmega_DFP/1.2.209/gcc/dev/atmega128/avr51\libatmega128.a(eerd_block.o)
 .bss           0x00000000        0x0 D:/atmel/7.0/Packs/atmel/ATmega_DFP/1.2.209/gcc/dev/atmega128/avr51\libatmega128.a(eerd_block.o)
 .text          0x00000000        0x0 D:/atmel/7.0/Packs/atmel/ATmega_DFP/1.2.209/gcc/dev/atmega128/avr51\libatmega128.a(eewr_block.o)
 .data          0x00000000        0x0 D:/atmel/7.0/Packs/atmel/ATmega_DFP/1.2.209/gcc/dev/atmega128/avr51\libatmega128.a(eewr_block.o)
 .bss           0x00000000        0x0 D:/atmel/7.0/Packs/atmel/ATmega_DFP/1.2.209/gcc/dev/atmega128/avr51\libatmega128.a(eewr_block.o)
 .text          0x00000000        0x0 D:/atmel/7.0/Packs/atmel/ATmega_DFP/1.2.209/gcc/dev/atmega128/avr51\libatmega128.a(eewr_byte.o)
 .data          0x00000000        0x0 D:/atmel/7.0/Packs/atmel/ATmega_DFP/1.2.209/gcc/dev/atmega128/avr51\libatmega128.a(eewr_byte.o)
 .bss           0x00000000        0x0 D:/atmel/7.0/Packs/atmel/ATmega_DFP/1.2.209/gcc/dev/atmega128/avr51\libatmega128.a(eewr_byte.o)

Memory Configuration

Name             Origin             Length             Attributes
text             0x00000000         0x00020000         xr
data             0x00800100         0x0000ff00         rw !x
eeprom           0x00810000         0x00010000         rw !x
fuse             0x00820000         0x00000003         rw !x
lock             0x00830000         0x00000400         rw !x
signature        0x00840000         0x00000400         rw !x
user_signatures  0x00850000         0x00000400         rw !x
*default*        0x00000000         0xffffffff

Linker script and memory map

Address of section .data set to 0x800100
LOAD D:/atmel/7.0/Packs/atmel/ATmega_DFP/1.2.209/gcc/dev/atmega128/avr51/crtatmega128.o
LOAD main.o
START GROUP
LOAD d:/atmel/7.0/toolchain/avr8/avr8-gnu-toolchain/bin/../lib/gcc/avr/5.4.0/../../../../avr/lib/avr51\libm.a
LOAD d:/atmel/7.0/toolchain/avr8/avr8-gnu-toolchain/bin/../lib/gcc/avr/5.4.0/../../../../avr/lib/avr51\libprintf_flt.a
LOAD d:/atmel/7.0/toolchain/avr8/avr8-gnu-toolchain/bin/../lib/gcc/avr/5.4.0/../../../../avr/lib/avr51\libscanf_flt.a
LOAD D:\micro_cotrollor\project2\project2\libc4m.a
END GROUP
START GROUP
LOAD d:/atmel/7.0/toolchain/avr8/avr8-gnu-toolchain/bin/../lib/gcc/avr/5.4.0/avr51\libgcc.a
LOAD d:/atmel/7.0/toolchain/avr8/avr8-gnu-toolchain/bin/../lib/gcc/avr/5.4.0/../../../../avr/lib/avr51\libm.a
LOAD d:/atmel/7.0/toolchain/avr8/avr8-gnu-toolchain/bin/../lib/gcc/avr/5.4.0/../../../../avr/lib/avr51\libc.a
LOAD D:/atmel/7.0/Packs/atmel/ATmega_DFP/1.2.209/gcc/dev/atmega128/avr51\libatmega128.a
END GROUP
                0x00020000                __TEXT_REGION_LENGTH__ = DEFINED (__TEXT_REGION_LENGTH__)?__TEXT_REGION_LENGTH__:0x20000
                0x0000ff00                __DATA_REGION_LENGTH__ = DEFINED (__DATA_REGION_LENGTH__)?__DATA_REGION_LENGTH__:0xff00
                0x00010000                __EEPROM_REGION_LENGTH__ = DEFINED (__EEPROM_REGION_LENGTH__)?__EEPROM_REGION_LENGTH__:0x10000
                [0x00000003]                __FUSE_REGION_LENGTH__ = DEFINED (__FUSE_REGION_LENGTH__)?__FUSE_REGION_LENGTH__:0x400
                0x00000400                __LOCK_REGION_LENGTH__ = DEFINED (__LOCK_REGION_LENGTH__)?__LOCK_REGION_LENGTH__:0x400
                0x00000400                __SIGNATURE_REGION_LENGTH__ = DEFINED (__SIGNATURE_REGION_LENGTH__)?__SIGNATURE_REGION_LENGTH__:0x400
                0x00000400                __USER_SIGNATURE_REGION_LENGTH__ = DEFINED (__USER_SIGNATURE_REGION_LENGTH__)?__USER_SIGNATURE_REGION_LENGTH__:0x400

.hash
 *(.hash)

.dynsym
 *(.dynsym)

.dynstr
 *(.dynstr)

.gnu.version
 *(.gnu.version)

.gnu.version_d
 *(.gnu.version_d)

.gnu.version_r
 *(.gnu.version_r)

.rel.init
 *(.rel.init)

.rela.init
 *(.rela.init)

.rel.text
 *(.rel.text)
 *(.rel.text.*)
 *(.rel.gnu.linkonce.t*)

.rela.text
 *(.rela.text)
 *(.rela.text.*)
 *(.rela.gnu.linkonce.t*)

.rel.fini
 *(.rel.fini)

.rela.fini
 *(.rela.fini)

.rel.rodata
 *(.rel.rodata)
 *(.rel.rodata.*)
 *(.rel.gnu.linkonce.r*)

.rela.rodata
 *(.rela.rodata)
 *(.rela.rodata.*)
 *(.rela.gnu.linkonce.r*)

.rel.data
 *(.rel.data)
 *(.rel.data.*)
 *(.rel.gnu.linkonce.d*)

.rela.data
 *(.rela.data)
 *(.rela.data.*)
 *(.rela.gnu.linkonce.d*)

.rel.ctors
 *(.rel.ctors)

.rela.ctors
 *(.rela.ctors)

.rel.dtors
 *(.rel.dtors)

.rela.dtors
 *(.rela.dtors)

.rel.got
 *(.rel.got)

.rela.got
 *(.rela.got)

.rel.bss
 *(.rel.bss)

.rela.bss
 *(.rela.bss)

.rel.plt
 *(.rel.plt)

.rela.plt
 *(.rela.plt)

.text           0x00000000     0x3014
 *(.vectors)
 .vectors       0x00000000       0x8c D:/atmel/7.0/Packs/atmel/ATmega_DFP/1.2.209/gcc/dev/atmega128/avr51/crtatmega128.o
                0x00000000                __vector_default
                0x00000000                __vectors
 *(.vectors)
 *(.progmem.gcc*)
                0x0000008c                . = ALIGN (0x2)
                0x0000008c                __trampolines_start = .
 *(.trampolines)
 .trampolines   0x0000008c        0x0 linker stubs
 *(.trampolines*)
                0x0000008c                __trampolines_end = .
 *libprintf_flt.a:*(.progmem.data)
 .progmem.data  0x0000008c        0x8 d:/atmel/7.0/toolchain/avr8/avr8-gnu-toolchain/bin/../lib/gcc/avr/5.4.0/../../../../avr/lib/avr51\libprintf_flt.a(vfprintf_flt.o)
 *libc.a:*(.progmem.data)
 .progmem.data  0x00000094       0xfa d:/atmel/7.0/toolchain/avr8/avr8-gnu-toolchain/bin/../lib/gcc/avr/5.4.0/../../../../avr/lib/avr51\libc.a(ftoa_engine.o)
 *(.progmem*)
 .progmem.data  0x0000018e       0x4d d:/atmel/7.0/toolchain/avr8/avr8-gnu-toolchain/bin/../lib/gcc/avr/5.4.0/../../../../avr/lib/avr51\libscanf_flt.a(vfscanf_flt.o)
                0x000001dc                . = ALIGN (0x2)
 *fill*         0x000001db        0x1 
 *(.jumptables)
 *(.jumptables*)
 *(.lowtext)
 *(.lowtext*)
                0x000001dc                __ctors_start = .
 *(.ctors)
                0x000001dc                __ctors_end = .
                0x000001dc                __dtors_start = .
 *(.dtors)
                0x000001dc                __dtors_end = .
 SORT(*)(.ctors)
 SORT(*)(.dtors)
 *(.init0)
 .init0         0x000001dc        0x0 D:/atmel/7.0/Packs/atmel/ATmega_DFP/1.2.209/gcc/dev/atmega128/avr51/crtatmega128.o
                0x000001dc                __init
 *(.init0)
 *(.init1)
 *(.init1)
 *(.init2)
 .init2         0x000001dc        0xc D:/atmel/7.0/Packs/atmel/ATmega_DFP/1.2.209/gcc/dev/atmega128/avr51/crtatmega128.o
 *(.init2)
 *(.init3)
 *(.init3)
 *(.init4)
 .init4         0x000001e8       0x1a d:/atmel/7.0/toolchain/avr8/avr8-gnu-toolchain/bin/../lib/gcc/avr/5.4.0/avr51\libgcc.a(_copy_data.o)
                0x000001e8                __do_copy_data
 .init4         0x00000202       0x10 d:/atmel/7.0/toolchain/avr8/avr8-gnu-toolchain/bin/../lib/gcc/avr/5.4.0/avr51\libgcc.a(_clear_bss.o)
                0x00000202                __do_clear_bss
 *(.init4)
 *(.init5)
 *(.init5)
 *(.init6)
 *(.init6)
 *(.init7)
 *(.init7)
 *(.init8)
 *(.init8)
 *(.init9)
 .init9         0x00000212        0x8 D:/atmel/7.0/Packs/atmel/ATmega_DFP/1.2.209/gcc/dev/atmega128/avr51/crtatmega128.o
 *(.init9)
 *(.text)
 .text          0x0000021a      0xae6 D:\micro_cotrollor\project2\project2\libc4m.a(isr.o)
                0x0000021a                USE_C4MLIB_INTERRUPT
                0x0000021c                INT0_vect_routine1
                0x0000021c                __INT0_vect_routine1
                0x0000021e                INT0_vect_routine
                0x0000021e                __INT0_vect_routine
                0x00000220                __vector_1
                0x0000026e                INT1_vect_routine1
                0x0000026e                __INT1_vect_routine1
                0x00000270                __INT1_vect_routine
                0x00000270                INT1_vect_routine
                0x00000272                __vector_2
                0x000002c0                INT2_vect_routine1
                0x000002c0                __INT2_vect_routine1
                0x000002c2                __INT2_vect_routine
                0x000002c2                INT2_vect_routine
                0x000002c4                __vector_3
                0x00000312                __INT3_vect_routine1
                0x00000312                INT3_vect_routine1
                0x00000314                __INT3_vect_routine
                0x00000314                INT3_vect_routine
                0x00000316                __vector_4
                0x00000364                __INT4_vect_routine1
                0x00000364                INT4_vect_routine1
                0x00000366                INT4_vect_routine
                0x00000366                __INT4_vect_routine
                0x00000368                __vector_5
                0x000003b6                __INT5_vect_routine1
                0x000003b6                INT5_vect_routine1
                0x000003b8                INT5_vect_routine
                0x000003b8                __INT5_vect_routine
                0x000003ba                __vector_6
                0x00000408                INT6_vect_routine1
                0x00000408                __INT6_vect_routine1
                0x0000040a                INT6_vect_routine
                0x0000040a                __INT6_vect_routine
                0x0000040c                __vector_7
                0x0000045a                INT7_vect_routine1
                0x0000045a                __INT7_vect_routine1
                0x0000045c                __INT7_vect_routine
                0x0000045c                INT7_vect_routine
                0x0000045e                __vector_8
                0x000004ac                __TIMER2_COMP_vect_routine1
                0x000004ac                TIMER2_COMP_vect_routine1
                0x000004ae                TIMER2_COMP_vect_routine
                0x000004ae                __TIMER2_COMP_vect_routine
                0x000004b0                __vector_9
                0x000004fe                __TIMER2_OVF_vect_routine1
                0x000004fe                TIMER2_OVF_vect_routine1
                0x00000500                __TIMER2_OVF_vect_routine
                0x00000500                TIMER2_OVF_vect_routine
                0x00000502                __vector_10
                0x00000550                __TIMER1_CAPT_vect_routine1
                0x00000550                TIMER1_CAPT_vect_routine1
                0x00000552                __TIMER1_CAPT_vect_routine
                0x00000552                TIMER1_CAPT_vect_routine
                0x00000554                __vector_11
                0x000005a2                TIMER1_COMPA_vect_routine1
                0x000005a2                __TIMER1_COMPA_vect_routine1
                0x000005a4                TIMER1_COMPA_vect_routine
                0x000005a4                __TIMER1_COMPA_vect_routine
                0x000005a6                __vector_12
                0x000005f4                TIMER1_COMPB_vect_routine1
                0x000005f4                __TIMER1_COMPB_vect_routine1
                0x000005f6                __TIMER1_COMPB_vect_routine
                0x000005f6                TIMER1_COMPB_vect_routine
                0x000005f8                __vector_13
                0x00000646                TIMER1_OVF_vect_routine1
                0x00000646                __TIMER1_OVF_vect_routine1
                0x00000648                __TIMER1_OVF_vect_routine
                0x00000648                TIMER1_OVF_vect_routine
                0x0000064a                __vector_14
                0x00000698                TIMER0_COMP_vect_routine1
                0x00000698                __TIMER0_COMP_vect_routine1
                0x0000069a                TIMER0_COMP_vect_routine
                0x0000069a                __TIMER0_COMP_vect_routine
                0x0000069c                __vector_15
                0x000006ea                __TIMER0_OVF_vect_routine1
                0x000006ea                TIMER0_OVF_vect_routine1
                0x000006ec                TIMER0_OVF_vect_routine
                0x000006ec                __TIMER0_OVF_vect_routine
                0x000006ee                __vector_16
                0x0000073c                __SPI_STC_vect_routine1
                0x0000073e                __SPI_STC_vect_routine
                0x0000073e                SPI_STC_vect_routine
                0x00000740                __vector_17
                0x0000078e                __USART0_RX_vect_routine1
                0x00000790                __USART0_RX_vect_routine
                0x00000790                USART0_RX_vect_routine
                0x00000792                __vector_18
                0x000007e0                USART0_UDRE_vect_routine1
                0x000007e0                __USART0_UDRE_vect_routine1
                0x000007e2                __USART0_UDRE_vect_routine
                0x000007e2                USART0_UDRE_vect_routine
                0x000007e4                __vector_19
                0x00000832                __USART0_TX_vect_routine1
                0x00000834                __USART0_TX_vect_routine
                0x00000834                USART0_TX_vect_routine
                0x00000836                __vector_20
                0x00000884                ADC_vect_routine1
                0x00000884                __ADC_vect_routine1
                0x00000886                ADC_vect_routine
                0x00000886                __ADC_vect_routine
                0x00000888                __vector_21
                0x000008d6                EE_READY_vect_routine1
                0x000008d6                __EE_READY_vect_routine1
                0x000008d8                __EE_READY_vect_routine
                0x000008d8                EE_READY_vect_routine
                0x000008da                __vector_22
                0x00000928                __ANALOG_COMP_vect_routine1
                0x00000928                ANALOG_COMP_vect_routine1
                0x0000092a                ANALOG_COMP_vect_routine
                0x0000092a                __ANALOG_COMP_vect_routine
                0x0000092c                __vector_23
                0x0000097a                __TIMER1_COMPC_vect_routine1
                0x0000097a                TIMER1_COMPC_vect_routine1
                0x0000097c                __TIMER1_COMPC_vect_routine
                0x0000097c                TIMER1_COMPC_vect_routine
                0x0000097e                __vector_24
                0x000009cc                TIMER3_CAPT_vect_routine1
                0x000009cc                __TIMER3_CAPT_vect_routine1
                0x000009ce                TIMER3_CAPT_vect_routine
                0x000009ce                __TIMER3_CAPT_vect_routine
                0x000009d0                __vector_25
                0x00000a1e                __TIMER3_COMPA_vect_routine1
                0x00000a1e                TIMER3_COMPA_vect_routine1
                0x00000a20                TIMER3_COMPA_vect_routine
                0x00000a20                __TIMER3_COMPA_vect_routine
                0x00000a22                __vector_26
                0x00000a70                __TIMER3_COMPB_vect_routine1
                0x00000a70                TIMER3_COMPB_vect_routine1
                0x00000a72                TIMER3_COMPB_vect_routine
                0x00000a72                __TIMER3_COMPB_vect_routine
                0x00000a74                __vector_27
                0x00000ac2                __TIMER3_COMPC_vect_routine1
                0x00000ac2                TIMER3_COMPC_vect_routine1
                0x00000ac4                TIMER3_COMPC_vect_routine
                0x00000ac4                __TIMER3_COMPC_vect_routine
                0x00000ac6                __vector_28
                0x00000b14                __TIMER3_OVF_vect_routine1
                0x00000b14                TIMER3_OVF_vect_routine1
                0x00000b16                TIMER3_OVF_vect_routine
                0x00000b16                __TIMER3_OVF_vect_routine
                0x00000b18                __vector_29
                0x00000b66                __USART1_RX_vect_routine1
                0x00000b68                USART1_RX_vect_routine
                0x00000b68                __USART1_RX_vect_routine
                0x00000b6a                __vector_30
                0x00000bb8                __USART1_UDRE_vect_routine1
                0x00000bb8                USART1_UDRE_vect_routine1
                0x00000bba                USART1_UDRE_vect_routine
                0x00000bba                __USART1_UDRE_vect_routine
                0x00000bbc                __vector_31
                0x00000c0a                __USART1_TX_vect_routine1
                0x00000c0c                USART1_TX_vect_routine
                0x00000c0c                __USART1_TX_vect_routine
                0x00000c0e                __vector_32
                0x00000c5c                __TWI_vect_routine1
                0x00000c5c                TWI_vect_routine1
                0x00000c5e                __TWI_vect_routine
                0x00000c5e                TWI_vect_routine
                0x00000c60                __vector_33
                0x00000cae                __SPM_READY_vect_routine1
                0x00000cae                SPM_READY_vect_routine1
                0x00000cb0                __SPM_READY_vect_routine
                0x00000cb0                SPM_READY_vect_routine
                0x00000cb2                __vector_34
 .text          0x00000d00       0x12 D:\micro_cotrollor\project2\project2\libc4m.a(device.o)
                0x00000d00                ASA_DEVICE_set
 .text          0x00000d12       0x4e D:\micro_cotrollor\project2\project2\libc4m.a(stdio.o)
                0x00000d36                ASA_STDIO_init
 .text          0x00000d60       0x36 D:\micro_cotrollor\project2\project2\libc4m.a(asabus.o)
                0x00000d60                ASABUS_ID_set
                0x00000d76                ASABUS_ID_init
                0x00000d7e                ASABUS_SPI_init
                0x00000d8c                ASABUS_SPI_swap
 .text          0x00000d96      0x280 D:\micro_cotrollor\project2\project2\libc4m.a(hal_spi.o)
                0x00001006                SPI_STC_vect_routine1
 .text          0x00001016      0x2ba D:\micro_cotrollor\project2\project2\libc4m.a(hal_uart.o)
                0x00001290                USART0_TX_vect_routine1
                0x000012a0                USART0_RX_vect_routine1
                0x000012b0                USART1_TX_vect_routine1
                0x000012c0                USART1_RX_vect_routine1
 .text          0x000012d0       0x1c D:\micro_cotrollor\project2\project2\libc4m.a(eeprom.o)
                0x000012d0                EEPROM_set
                0x000012de                EEPROM_get
 .text          0x000012ec      0x12a D:\micro_cotrollor\project2\project2\libc4m.a(hal_time.o)
                0x000012ec                HAL_time_init
                0x000012fe                HAL_get_time
                0x00001310                HAL_get_expired_time_us
                0x00001358                HAL_get_expired_time_ms
                0x00001388                HAL_timeout_test
                0x000013b2                HAL_delay
                0x000013ee                HAL_tick
                0x00001416                . = ALIGN (0x2)
 *(.text.*)
 .text.main     0x00001416      0x506 main.o
                0x00001416                main
 .text.avr-libc
                0x0000191c      0x732 d:/atmel/7.0/toolchain/avr8/avr8-gnu-toolchain/bin/../lib/gcc/avr/5.4.0/../../../../avr/lib/avr51\libprintf_flt.a(vfprintf_flt.o)
                0x0000191c                vfprintf
 .text.avr-libc
                0x0000204e      0x850 d:/atmel/7.0/toolchain/avr8/avr8-gnu-toolchain/bin/../lib/gcc/avr/5.4.0/../../../../avr/lib/avr51\libscanf_flt.a(vfscanf_flt.o)
                0x00002634                vfscanf
 .text.avr-libc.fplib
                0x0000289e       0x7a d:/atmel/7.0/toolchain/avr8/avr8-gnu-toolchain/bin/../lib/gcc/avr/5.4.0/../../../../avr/lib/avr51\libm.a(floatsisf.o)
                0x0000289e                __floatunsisf
                0x000028a2                __floatsisf
 .text.avr-libc.fplib
                0x00002918        0x4 d:/atmel/7.0/toolchain/avr8/avr8-gnu-toolchain/bin/../lib/gcc/avr/5.4.0/../../../../avr/lib/avr51\libm.a(mulsf3.o)
                0x00002918                __mulsf3
 .text.avr-libc.fplib
                0x0000291c       0xc2 d:/atmel/7.0/toolchain/avr8/avr8-gnu-toolchain/bin/../lib/gcc/avr/5.4.0/../../../../avr/lib/avr51\libm.a(mulsf3x.o)
                0x00002930                __mulsf3x
                0x00002934                __mulsf3_pse
 .text.avr-libc.fplib
                0x000029de        0xc d:/atmel/7.0/toolchain/avr8/avr8-gnu-toolchain/bin/../lib/gcc/avr/5.4.0/../../../../avr/lib/avr51\libm.a(fp_inf.o)
                0x000029de                __fp_inf
 .text.avr-libc.fplib
                0x000029ea        0x6 d:/atmel/7.0/toolchain/avr8/avr8-gnu-toolchain/bin/../lib/gcc/avr/5.4.0/../../../../avr/lib/avr51\libm.a(fp_nan.o)
                0x000029ea                __fp_nan
 .text.avr-libc.fplib
                0x000029f0        0xe d:/atmel/7.0/toolchain/avr8/avr8-gnu-toolchain/bin/../lib/gcc/avr/5.4.0/../../../../avr/lib/avr51\libm.a(fp_pscA.o)
                0x000029f0                __fp_pscA
 .text.avr-libc.fplib
                0x000029fe        0xe d:/atmel/7.0/toolchain/avr8/avr8-gnu-toolchain/bin/../lib/gcc/avr/5.4.0/../../../../avr/lib/avr51\libm.a(fp_pscB.o)
                0x000029fe                __fp_pscB
 .text.avr-libc.fplib
                0x00002a0c       0x22 d:/atmel/7.0/toolchain/avr8/avr8-gnu-toolchain/bin/../lib/gcc/avr/5.4.0/../../../../avr/lib/avr51\libm.a(fp_round.o)
                0x00002a0c                __fp_round
 .text.avr-libc.fplib
                0x00002a2e       0x44 d:/atmel/7.0/toolchain/avr8/avr8-gnu-toolchain/bin/../lib/gcc/avr/5.4.0/../../../../avr/lib/avr51\libm.a(fp_split3.o)
                0x00002a2e                __fp_split3
                0x00002a3e                __fp_splitA
 .text.avr-libc.fplib
                0x00002a72        0xe d:/atmel/7.0/toolchain/avr8/avr8-gnu-toolchain/bin/../lib/gcc/avr/5.4.0/../../../../avr/lib/avr51\libm.a(fp_zero.o)
                0x00002a72                __fp_zero
                0x00002a74                __fp_szero
 .text.libgcc.div
                0x00002a80       0x26 d:/atmel/7.0/toolchain/avr8/avr8-gnu-toolchain/bin/../lib/gcc/avr/5.4.0/avr51\libgcc.a(_divmodhi4.o)
                0x00002a80                _div
                0x00002a80                __divmodhi4
 .text.libgcc.div
                0x00002aa6       0x44 d:/atmel/7.0/toolchain/avr8/avr8-gnu-toolchain/bin/../lib/gcc/avr/5.4.0/avr51\libgcc.a(_udivmodsi4.o)
                0x00002aa6                __udivmodsi4
 .text.libgcc.div
                0x00002aea       0x28 d:/atmel/7.0/toolchain/avr8/avr8-gnu-toolchain/bin/../lib/gcc/avr/5.4.0/avr51\libgcc.a(_udivmodhi4.o)
                0x00002aea                __udivmodhi4
 .text.avr-libc
                0x00002b12      0x1b0 d:/atmel/7.0/toolchain/avr8/avr8-gnu-toolchain/bin/../lib/gcc/avr/5.4.0/../../../../avr/lib/avr51\libc.a(ftoa_engine.o)
                0x00002b12                __ftoa_engine
 .text.avr-libc
                0x00002cc2       0x10 d:/atmel/7.0/toolchain/avr8/avr8-gnu-toolchain/bin/../lib/gcc/avr/5.4.0/../../../../avr/lib/avr51\libc.a(isspace.o)
                0x00002cc2                isspace
 .text.avr-libc
                0x00002cd2       0x10 d:/atmel/7.0/toolchain/avr8/avr8-gnu-toolchain/bin/../lib/gcc/avr/5.4.0/../../../../avr/lib/avr51\libc.a(tolower.o)
                0x00002cd2                tolower
 .text.avr-libc
                0x00002ce2       0x16 d:/atmel/7.0/toolchain/avr8/avr8-gnu-toolchain/bin/../lib/gcc/avr/5.4.0/../../../../avr/lib/avr51\libc.a(strchr_P.o)
                0x00002ce2                strchr_P
 .text.avr-libc
                0x00002cf8       0x16 d:/atmel/7.0/toolchain/avr8/avr8-gnu-toolchain/bin/../lib/gcc/avr/5.4.0/../../../../avr/lib/avr51\libc.a(strnlen_P.o)
                0x00002cf8                strnlen_P
 .text.avr-libc
                0x00002d0e       0x16 d:/atmel/7.0/toolchain/avr8/avr8-gnu-toolchain/bin/../lib/gcc/avr/5.4.0/../../../../avr/lib/avr51\libc.a(strnlen.o)
                0x00002d0e                strnlen
 .text.avr-libc
                0x00002d24       0x7c d:/atmel/7.0/toolchain/avr8/avr8-gnu-toolchain/bin/../lib/gcc/avr/5.4.0/../../../../avr/lib/avr51\libc.a(fgetc.o)
                0x00002d24                fgetc
 .text.avr-libc
                0x00002da0       0x78 d:/atmel/7.0/toolchain/avr8/avr8-gnu-toolchain/bin/../lib/gcc/avr/5.4.0/../../../../avr/lib/avr51\libc.a(fputc.o)
                0x00002da0                fputc
 .text.avr-libc
                0x00002e18       0x28 d:/atmel/7.0/toolchain/avr8/avr8-gnu-toolchain/bin/../lib/gcc/avr/5.4.0/../../../../avr/lib/avr51\libc.a(printf.o)
                0x00002e18                printf
 .text.avr-libc
                0x00002e40        0xa d:/atmel/7.0/toolchain/avr8/avr8-gnu-toolchain/bin/../lib/gcc/avr/5.4.0/../../../../avr/lib/avr51\libc.a(putchar.o)
                0x00002e40                putchar
 .text.avr-libc
                0x00002e4a       0x60 d:/atmel/7.0/toolchain/avr8/avr8-gnu-toolchain/bin/../lib/gcc/avr/5.4.0/../../../../avr/lib/avr51\libc.a(puts.o)
                0x00002e4a                puts
 .text.avr-libc
                0x00002eaa       0x26 d:/atmel/7.0/toolchain/avr8/avr8-gnu-toolchain/bin/../lib/gcc/avr/5.4.0/../../../../avr/lib/avr51\libc.a(scanf.o)
                0x00002eaa                scanf
 .text.avr-libc
                0x00002ed0       0x32 d:/atmel/7.0/toolchain/avr8/avr8-gnu-toolchain/bin/../lib/gcc/avr/5.4.0/../../../../avr/lib/avr51\libc.a(ungetc.o)
                0x00002ed0                ungetc
 .text.avr-libc
                0x00002f02       0xbc d:/atmel/7.0/toolchain/avr8/avr8-gnu-toolchain/bin/../lib/gcc/avr/5.4.0/../../../../avr/lib/avr51\libc.a(ultoa_invert.o)
                0x00002f02                __ultoa_invert
 .text.avr-libc
                0x00002fbe        0x6 d:/atmel/7.0/toolchain/avr8/avr8-gnu-toolchain/bin/../lib/gcc/avr/5.4.0/../../../../avr/lib/avr51\libc.a(cty_isfalse.o)
                0x00002fbe                __ctype_isfalse
                0x00002fc2                __ctype_istrue
 .text.avr-libc
                0x00002fc4       0x20 D:/atmel/7.0/Packs/atmel/ATmega_DFP/1.2.209/gcc/dev/atmega128/avr51\libatmega128.a(eerd_block.o)
                0x00002fc4                eeprom_read_block
                0x00002fc8                eeprom_read_blraw
 .text.avr-libc
                0x00002fe4       0x12 D:/atmel/7.0/Packs/atmel/ATmega_DFP/1.2.209/gcc/dev/atmega128/avr51\libatmega128.a(eewr_block.o)
                0x00002fe4                eeprom_write_block
 .text.avr-libc
                0x00002ff6       0x1a D:/atmel/7.0/Packs/atmel/ATmega_DFP/1.2.209/gcc/dev/atmega128/avr51\libatmega128.a(eewr_byte.o)
                0x00002ff6                eeprom_write_byte
                0x00002ff8                eeprom_write_r18
                0x00003010                . = ALIGN (0x2)
 *(.fini9)
 .fini9         0x00003010        0x0 d:/atmel/7.0/toolchain/avr8/avr8-gnu-toolchain/bin/../lib/gcc/avr/5.4.0/avr51\libgcc.a(_exit.o)
                0x00003010                _exit
                0x00003010                exit
 *(.fini9)
 *(.fini8)
 *(.fini8)
 *(.fini7)
 *(.fini7)
 *(.fini6)
 *(.fini6)
 *(.fini5)
 *(.fini5)
 *(.fini4)
 *(.fini4)
 *(.fini3)
 *(.fini3)
 *(.fini2)
 *(.fini2)
 *(.fini1)
 *(.fini1)
 *(.fini0)
 .fini0         0x00003010        0x4 d:/atmel/7.0/toolchain/avr8/avr8-gnu-toolchain/bin/../lib/gcc/avr/5.4.0/avr51\libgcc.a(_exit.o)
 *(.fini0)
                0x00003014                _etext = .

.data           0x00800100      0x126 load address 0x00003014
                0x00800100                PROVIDE (__data_start, .)
 *(.data)
 .data          0x00800100        0xe D:\micro_cotrollor\project2\project2\libc4m.a(stdio.o)
 .data          0x0080010e       0x22 D:\micro_cotrollor\project2\project2\libc4m.a(hal_spi.o)
                0x0080010e                SPI_SlaveInst
                0x0080011b                SPI_MasterInst
 .data          0x00800130       0x20 D:\micro_cotrollor\project2\project2\libc4m.a(hal_uart.o)
                0x00800130                UART1_Inst
                0x00800140                UART0_Inst
 *(.data*)
 *(.gnu.linkonce.d*)
 *(.rodata)
 *(.rodata*)
 .rodata.str1.1
                0x00800150       0xd6 main.o
                                 0xde (size before relaxing)
 *(.gnu.linkonce.r*)
                0x00800226                . = ALIGN (0x2)
                0x00800226                _edata = .
                0x00800226                PROVIDE (__data_end, .)

.bss            0x00800226        0xd
                0x00800226                PROVIDE (__bss_start, .)
 *(.bss)
 .bss           0x00800226        0x2 D:\micro_cotrollor\project2\project2\libc4m.a(hal_uart.o)
 *(.bss*)
 *(COMMON)
 COMMON         0x00800228        0x1 D:\micro_cotrollor\project2\project2\libc4m.a(device.o)
                0x00800228                ASAConfigStr_inst
 COMMON         0x00800229        0x4 D:\micro_cotrollor\project2\project2\libc4m.a(hal_time.o)
                0x00800229                HAL_time_global
 COMMON         0x0080022d        0x6 d:/atmel/7.0/toolchain/avr8/avr8-gnu-toolchain/bin/../lib/gcc/avr/5.4.0/../../../../avr/lib/avr51\libc.a(iob.o)
                0x0080022d                __iob
                0x00800233                PROVIDE (__bss_end, .)
                0x00003014                __data_load_start = LOADADDR (.data)
                0x0000313a                __data_load_end = (__data_load_start + SIZEOF (.data))

.noinit         0x00800233        0x0
                [!provide]                PROVIDE (__noinit_start, .)
 *(.noinit*)
                [!provide]                PROVIDE (__noinit_end, .)
                0x00800233                _end = .
                [!provide]                PROVIDE (__heap_start, .)

.eeprom         0x00810000        0x0
 *(.eeprom*)
                0x00810000                __eeprom_end = .

.fuse
 *(.fuse)
 *(.lfuse)
 *(.hfuse)
 *(.efuse)

.lock
 *(.lock*)

.signature
 *(.signature*)

.user_signatures
 *(.user_signatures*)

.stab
 *(.stab)

.stabstr
 *(.stabstr)

.stab.excl
 *(.stab.excl)

.stab.exclstr
 *(.stab.exclstr)

.stab.index
 *(.stab.index)

.stab.indexstr
 *(.stab.indexstr)

.comment        0x00000000       0x6d
 *(.comment)
 .comment       0x00000000       0x30 main.o
                                 0x31 (size before relaxing)
 .comment       0x00000030       0x2c d:/atmel/7.0/toolchain/avr8/avr8-gnu-toolchain/bin/../lib/gcc/avr/5.4.0/../../../../avr/lib/avr51\libprintf_flt.a(vfprintf_flt.o)
                                 0x2d (size before relaxing)
 .comment       0x0000005c       0x2d d:/atmel/7.0/toolchain/avr8/avr8-gnu-toolchain/bin/../lib/gcc/avr/5.4.0/../../../../avr/lib/avr51\libscanf_flt.a(vfscanf_flt.o)
 .comment       0x0000005c       0x11 D:\micro_cotrollor\project2\project2\libc4m.a(isr.o)
                                 0x12 (size before relaxing)
 .comment       0x0000006d       0x12 D:\micro_cotrollor\project2\project2\libc4m.a(device.o)
 .comment       0x0000006d       0x12 D:\micro_cotrollor\project2\project2\libc4m.a(stdio.o)
 .comment       0x0000006d       0x12 D:\micro_cotrollor\project2\project2\libc4m.a(asabus.o)
 .comment       0x0000006d       0x12 D:\micro_cotrollor\project2\project2\libc4m.a(hal_spi.o)
 .comment       0x0000006d       0x12 D:\micro_cotrollor\project2\project2\libc4m.a(hal_uart.o)
 .comment       0x0000006d       0x12 D:\micro_cotrollor\project2\project2\libc4m.a(eeprom.o)
 .comment       0x0000006d       0x12 D:\micro_cotrollor\project2\project2\libc4m.a(hal_time.o)
 .comment       0x0000006d       0x31 d:/atmel/7.0/toolchain/avr8/avr8-gnu-toolchain/bin/../lib/gcc/avr/5.4.0/../../../../avr/lib/avr51\libc.a(fgetc.o)
 .comment       0x0000006d       0x31 d:/atmel/7.0/toolchain/avr8/avr8-gnu-toolchain/bin/../lib/gcc/avr/5.4.0/../../../../avr/lib/avr51\libc.a(fputc.o)
 .comment       0x0000006d       0x31 d:/atmel/7.0/toolchain/avr8/avr8-gnu-toolchain/bin/../lib/gcc/avr/5.4.0/../../../../avr/lib/avr51\libc.a(iob.o)
 .comment       0x0000006d       0x31 d:/atmel/7.0/toolchain/avr8/avr8-gnu-toolchain/bin/../lib/gcc/avr/5.4.0/../../../../avr/lib/avr51\libc.a(printf.o)
 .comment       0x0000006d       0x31 d:/atmel/7.0/toolchain/avr8/avr8-gnu-toolchain/bin/../lib/gcc/avr/5.4.0/../../../../avr/lib/avr51\libc.a(putchar.o)
 .comment       0x0000006d       0x31 d:/atmel/7.0/toolchain/avr8/avr8-gnu-toolchain/bin/../lib/gcc/avr/5.4.0/../../../../avr/lib/avr51\libc.a(puts.o)
 .comment       0x0000006d       0x31 d:/atmel/7.0/toolchain/avr8/avr8-gnu-toolchain/bin/../lib/gcc/avr/5.4.0/../../../../avr/lib/avr51\libc.a(scanf.o)
 .comment       0x0000006d       0x31 d:/atmel/7.0/toolchain/avr8/avr8-gnu-toolchain/bin/../lib/gcc/avr/5.4.0/../../../../avr/lib/avr51\libc.a(ungetc.o)

.note.gnu.avr.deviceinfo
                0x00000000       0x3c
 .note.gnu.avr.deviceinfo
                0x00000000       0x3c D:/atmel/7.0/Packs/atmel/ATmega_DFP/1.2.209/gcc/dev/atmega128/avr51/crtatmega128.o

.note.gnu.build-id
 *(.note.gnu.build-id)

.debug
 *(.debug)

.line
 *(.line)

.debug_srcinfo
 *(.debug_srcinfo)

.debug_sfnames
 *(.debug_sfnames)

.debug_aranges  0x00000000      0x180
 *(.debug_aranges)
 .debug_aranges
                0x00000000       0x20 main.o
 .debug_aranges
                0x00000020       0x20 D:\micro_cotrollor\project2\project2\libc4m.a(isr.o)
 .debug_aranges
                0x00000040       0x20 D:\micro_cotrollor\project2\project2\libc4m.a(device.o)
 .debug_aranges
                0x00000060       0x20 D:\micro_cotrollor\project2\project2\libc4m.a(stdio.o)
 .debug_aranges
                0x00000080       0x20 D:\micro_cotrollor\project2\project2\libc4m.a(asabus.o)
 .debug_aranges
                0x000000a0       0x20 D:\micro_cotrollor\project2\project2\libc4m.a(hal_spi.o)
 .debug_aranges
                0x000000c0       0x20 D:\micro_cotrollor\project2\project2\libc4m.a(hal_uart.o)
 .debug_aranges
                0x000000e0       0x20 D:\micro_cotrollor\project2\project2\libc4m.a(eeprom.o)
 .debug_aranges
                0x00000100       0x20 D:\micro_cotrollor\project2\project2\libc4m.a(hal_time.o)
 .debug_aranges
                0x00000120       0x20 D:/atmel/7.0/Packs/atmel/ATmega_DFP/1.2.209/gcc/dev/atmega128/avr51\libatmega128.a(eerd_block.o)
 .debug_aranges
                0x00000140       0x20 D:/atmel/7.0/Packs/atmel/ATmega_DFP/1.2.209/gcc/dev/atmega128/avr51\libatmega128.a(eewr_block.o)
 .debug_aranges
                0x00000160       0x20 D:/atmel/7.0/Packs/atmel/ATmega_DFP/1.2.209/gcc/dev/atmega128/avr51\libatmega128.a(eewr_byte.o)

.debug_pubnames
 *(.debug_pubnames)

.debug_info     0x00000000     0x3603
 *(.debug_info .gnu.linkonce.wi.*)
 .debug_info    0x00000000      0x780 D:/atmel/7.0/Packs/atmel/ATmega_DFP/1.2.209/gcc/dev/atmega128/avr51/crtatmega128.o
 .debug_info    0x00000780      0x7ea main.o
 .debug_info    0x00000f6a      0xaa3 D:\micro_cotrollor\project2\project2\libc4m.a(isr.o)
 .debug_info    0x00001a0d      0x4d6 D:\micro_cotrollor\project2\project2\libc4m.a(device.o)
 .debug_info    0x00001ee3      0x246 D:\micro_cotrollor\project2\project2\libc4m.a(stdio.o)
 .debug_info    0x00002129      0x1f5 D:\micro_cotrollor\project2\project2\libc4m.a(asabus.o)
 .debug_info    0x0000231e      0x78a D:\micro_cotrollor\project2\project2\libc4m.a(hal_spi.o)
 .debug_info    0x00002aa8      0x5a1 D:\micro_cotrollor\project2\project2\libc4m.a(hal_uart.o)
 .debug_info    0x00003049      0x185 D:\micro_cotrollor\project2\project2\libc4m.a(eeprom.o)
 .debug_info    0x000031ce      0x22f D:\micro_cotrollor\project2\project2\libc4m.a(hal_time.o)
 .debug_info    0x000033fd       0xad D:/atmel/7.0/Packs/atmel/ATmega_DFP/1.2.209/gcc/dev/atmega128/avr51\libatmega128.a(eerd_block.o)
 .debug_info    0x000034aa       0xad D:/atmel/7.0/Packs/atmel/ATmega_DFP/1.2.209/gcc/dev/atmega128/avr51\libatmega128.a(eewr_block.o)
 .debug_info    0x00003557       0xac D:/atmel/7.0/Packs/atmel/ATmega_DFP/1.2.209/gcc/dev/atmega128/avr51\libatmega128.a(eewr_byte.o)

.debug_abbrev   0x00000000     0x12cc
 *(.debug_abbrev)
 .debug_abbrev  0x00000000      0x718 D:/atmel/7.0/Packs/atmel/ATmega_DFP/1.2.209/gcc/dev/atmega128/avr51/crtatmega128.o
 .debug_abbrev  0x00000718      0x140 main.o
 .debug_abbrev  0x00000858       0xea D:\micro_cotrollor\project2\project2\libc4m.a(isr.o)
 .debug_abbrev  0x00000942      0x161 D:\micro_cotrollor\project2\project2\libc4m.a(device.o)
 .debug_abbrev  0x00000aa3      0x1a7 D:\micro_cotrollor\project2\project2\libc4m.a(stdio.o)
 .debug_abbrev  0x00000c4a      0x103 D:\micro_cotrollor\project2\project2\libc4m.a(asabus.o)
 .debug_abbrev  0x00000d4d      0x1cd D:\micro_cotrollor\project2\project2\libc4m.a(hal_spi.o)
 .debug_abbrev  0x00000f1a      0x178 D:\micro_cotrollor\project2\project2\libc4m.a(hal_uart.o)
 .debug_abbrev  0x00001092       0x9e D:\micro_cotrollor\project2\project2\libc4m.a(eeprom.o)
 .debug_abbrev  0x00001130      0x160 D:\micro_cotrollor\project2\project2\libc4m.a(hal_time.o)
 .debug_abbrev  0x00001290       0x14 D:/atmel/7.0/Packs/atmel/ATmega_DFP/1.2.209/gcc/dev/atmega128/avr51\libatmega128.a(eerd_block.o)
 .debug_abbrev  0x000012a4       0x14 D:/atmel/7.0/Packs/atmel/ATmega_DFP/1.2.209/gcc/dev/atmega128/avr51\libatmega128.a(eewr_block.o)
 .debug_abbrev  0x000012b8       0x14 D:/atmel/7.0/Packs/atmel/ATmega_DFP/1.2.209/gcc/dev/atmega128/avr51\libatmega128.a(eewr_byte.o)

.debug_line     0x00000000     0x22c4
 *(.debug_line .debug_line.* .debug_line_end)
 .debug_line    0x00000000      0x169 D:/atmel/7.0/Packs/atmel/ATmega_DFP/1.2.209/gcc/dev/atmega128/avr51/crtatmega128.o
 .debug_line    0x00000169      0x335 main.o
 .debug_line    0x0000049e      0x5e9 D:\micro_cotrollor\project2\project2\libc4m.a(isr.o)
 .debug_line    0x00000a87      0x14f D:\micro_cotrollor\project2\project2\libc4m.a(device.o)
 .debug_line    0x00000bd6      0x1c3 D:\micro_cotrollor\project2\project2\libc4m.a(stdio.o)
 .debug_line    0x00000d99      0x16a D:\micro_cotrollor\project2\project2\libc4m.a(asabus.o)
 .debug_line    0x00000f03      0x6a0 D:\micro_cotrollor\project2\project2\libc4m.a(hal_spi.o)
 .debug_line    0x000015a3      0x80c D:\micro_cotrollor\project2\project2\libc4m.a(hal_uart.o)
 .debug_line    0x00001daf      0x10f D:\micro_cotrollor\project2\project2\libc4m.a(eeprom.o)
 .debug_line    0x00001ebe      0x243 D:\micro_cotrollor\project2\project2\libc4m.a(hal_time.o)
 .debug_line    0x00002101       0xab D:/atmel/7.0/Packs/atmel/ATmega_DFP/1.2.209/gcc/dev/atmega128/avr51\libatmega128.a(eerd_block.o)
 .debug_line    0x000021ac       0x80 D:/atmel/7.0/Packs/atmel/ATmega_DFP/1.2.209/gcc/dev/atmega128/avr51\libatmega128.a(eewr_block.o)
 .debug_line    0x0000222c       0x98 D:/atmel/7.0/Packs/atmel/ATmega_DFP/1.2.209/gcc/dev/atmega128/avr51\libatmega128.a(eewr_byte.o)

.debug_frame    0x00000000     0x1550
 *(.debug_frame)
 .debug_frame   0x00000000       0x70 main.o
 .debug_frame   0x00000070     0x1014 D:\micro_cotrollor\project2\project2\libc4m.a(isr.o)
 .debug_frame   0x00001084       0x24 D:\micro_cotrollor\project2\project2\libc4m.a(device.o)
 .debug_frame   0x000010a8       0x4c D:\micro_cotrollor\project2\project2\libc4m.a(stdio.o)
 .debug_frame   0x000010f4       0x54 D:\micro_cotrollor\project2\project2\libc4m.a(asabus.o)
 .debug_frame   0x00001148      0x180 D:\micro_cotrollor\project2\project2\libc4m.a(hal_spi.o)
 .debug_frame   0x000012c8      0x18c D:\micro_cotrollor\project2\project2\libc4m.a(hal_uart.o)
 .debug_frame   0x00001454       0x34 D:\micro_cotrollor\project2\project2\libc4m.a(eeprom.o)
 .debug_frame   0x00001488       0xc8 D:\micro_cotrollor\project2\project2\libc4m.a(hal_time.o)

.debug_str      0x00000000     0x1378
 *(.debug_str)
 .debug_str     0x00000000      0x27d D:/atmel/7.0/Packs/atmel/ATmega_DFP/1.2.209/gcc/dev/atmega128/avr51/crtatmega128.o
 .debug_str     0x0000027d      0x22c main.o
                                0x27a (size before relaxing)
 .debug_str     0x000004a9      0x902 D:\micro_cotrollor\project2\project2\libc4m.a(isr.o)
                                0x969 (size before relaxing)
 .debug_str     0x00000dab      0x17e D:\micro_cotrollor\project2\project2\libc4m.a(device.o)
                                0x2ec (size before relaxing)
 .debug_str     0x00000f29       0x72 D:\micro_cotrollor\project2\project2\libc4m.a(stdio.o)
                                0x1a7 (size before relaxing)
 .debug_str     0x00000f9b       0x4f D:\micro_cotrollor\project2\project2\libc4m.a(asabus.o)
                                0x202 (size before relaxing)
 .debug_str     0x00000fea      0x179 D:\micro_cotrollor\project2\project2\libc4m.a(hal_spi.o)
                                0x3fa (size before relaxing)
 .debug_str     0x00001163      0x115 D:\micro_cotrollor\project2\project2\libc4m.a(hal_uart.o)
                                0x386 (size before relaxing)
 .debug_str     0x00001278       0x52 D:\micro_cotrollor\project2\project2\libc4m.a(eeprom.o)
                                0x185 (size before relaxing)
 .debug_str     0x000012ca       0xae D:\micro_cotrollor\project2\project2\libc4m.a(hal_time.o)
                                0x1ff (size before relaxing)

.debug_loc      0x00000000     0x2b84
 *(.debug_loc)
 .debug_loc     0x00000000      0x325 main.o
 .debug_loc     0x00000325     0x1af6 D:\micro_cotrollor\project2\project2\libc4m.a(isr.o)
 .debug_loc     0x00001e1b       0xc0 D:\micro_cotrollor\project2\project2\libc4m.a(stdio.o)
 .debug_loc     0x00001edb       0x23 D:\micro_cotrollor\project2\project2\libc4m.a(asabus.o)
 .debug_loc     0x00001efe      0x46a D:\micro_cotrollor\project2\project2\libc4m.a(hal_spi.o)
 .debug_loc     0x00002368      0x500 D:\micro_cotrollor\project2\project2\libc4m.a(hal_uart.o)
 .debug_loc     0x00002868      0x154 D:\micro_cotrollor\project2\project2\libc4m.a(eeprom.o)
 .debug_loc     0x000029bc      0x1c8 D:\micro_cotrollor\project2\project2\libc4m.a(hal_time.o)

.debug_macinfo
 *(.debug_macinfo)

.debug_weaknames
 *(.debug_weaknames)

.debug_funcnames
 *(.debug_funcnames)

.debug_typenames
 *(.debug_typenames)

.debug_varnames
 *(.debug_varnames)

.debug_pubtypes
 *(.debug_pubtypes)

.debug_ranges   0x00000000       0xb8
 *(.debug_ranges)
 .debug_ranges  0x00000000       0x10 main.o
 .debug_ranges  0x00000010       0x48 D:\micro_cotrollor\project2\project2\libc4m.a(hal_spi.o)
 .debug_ranges  0x00000058       0x60 D:\micro_cotrollor\project2\project2\libc4m.a(hal_uart.o)

.debug_macro
 *(.debug_macro)
OUTPUT(project2.elf elf32-avr)
LOAD linker stubs
